F...                                                                     [100%]
================================== FAILURES ===================================
________________________ test_async_pipeline_runs_dry _________________________

self = <services.async_clients.AsyncOceanClient object at 0x000001D610D4D400>
base_url = 'https://api.ocean.io', api_key = 'x'

    def __init__(self, base_url: str, api_key: str):
        self.base_url = base_url.rstrip("/")
        self.api_key = api_key
        try:
>           import httpx

services\async_clients.py:29: 
_ _ _ _ _ _ _ _ _ _ _ _ _ _ _ _ _ _ _ _ _ _ _ _ _ _ _ _ _ _ _ _ _ _ _ _ _ _ _ _
C:\Users\Hp\AppData\Local\Programs\Python\Python314\Lib\site-packages\httpx\__init__.py:2: in <module>
    from ._api import delete, get, head, options, patch, post, put, request, stream
C:\Users\Hp\AppData\Local\Programs\Python\Python314\Lib\site-packages\httpx\_api.py:4: in <module>
    from ._client import Client
C:\Users\Hp\AppData\Local\Programs\Python\Python314\Lib\site-packages\httpx\_client.py:30: in <module>
    from ._transports.default import AsyncHTTPTransport, HTTPTransport
C:\Users\Hp\AppData\Local\Programs\Python\Python314\Lib\site-packages\httpx\_transports\default.py:30: in <module>
    import httpcore
_ _ _ _ _ _ _ _ _ _ _ _ _ _ _ _ _ _ _ _ _ _ _ _ _ _ _ _ _ _ _ _ _ _ _ _ _ _ _ _

    from ._api import request, stream
    from ._async import (
        AsyncConnectionInterface,
        AsyncConnectionPool,
        AsyncHTTP2Connection,
        AsyncHTTP11Connection,
        AsyncHTTPConnection,
        AsyncHTTPProxy,
        AsyncSOCKSProxy,
    )
    from ._backends.base import (
        SOCKET_OPTION,
        AsyncNetworkBackend,
        AsyncNetworkStream,
        NetworkBackend,
        NetworkStream,
    )
    from ._backends.mock import AsyncMockBackend, AsyncMockStream, MockBackend, MockStream
    from ._backends.sync import SyncBackend
    from ._exceptions import (
        ConnectError,
        ConnectionNotAvailable,
        ConnectTimeout,
        LocalProtocolError,
        NetworkError,
        PoolTimeout,
        ProtocolError,
        ProxyError,
        ReadError,
        ReadTimeout,
        RemoteProtocolError,
        TimeoutException,
        UnsupportedProtocol,
        WriteError,
        WriteTimeout,
    )
    from ._models import URL, Origin, Request, Response
    from ._ssl import default_ssl_context
    from ._sync import (
        ConnectionInterface,
        ConnectionPool,
        HTTP2Connection,
        HTTP11Connection,
        HTTPConnection,
        HTTPProxy,
        SOCKSProxy,
    )
    
    # The 'httpcore.AnyIOBackend' class is conditional on 'anyio' being installed.
    try:
        from ._backends.anyio import AnyIOBackend
    except ImportError:  # pragma: nocover
    
        class AnyIOBackend:  # type: ignore
            def __init__(self, *args, **kwargs):  # type: ignore
                msg = (
                    "Attempted to use 'httpcore.AnyIOBackend' but 'anyio' is not installed."
                )
                raise RuntimeError(msg)
    
    
    # The 'httpcore.TrioBackend' class is conditional on 'trio' being installed.
    try:
        from ._backends.trio import TrioBackend
    except ImportError:  # pragma: nocover
    
        class TrioBackend:  # type: ignore
            def __init__(self, *args, **kwargs):  # type: ignore
                msg = "Attempted to use 'httpcore.TrioBackend' but 'trio' is not installed."
                raise RuntimeError(msg)
    
    
    __all__ = [
        # top-level requests
        "request",
        "stream",
        # models
        "Origin",
        "URL",
        "Request",
        "Response",
        # async
        "AsyncHTTPConnection",
        "AsyncConnectionPool",
        "AsyncHTTPProxy",
        "AsyncHTTP11Connection",
        "AsyncHTTP2Connection",
        "AsyncConnectionInterface",
        "AsyncSOCKSProxy",
        # sync
        "HTTPConnection",
        "ConnectionPool",
        "HTTPProxy",
        "HTTP11Connection",
        "HTTP2Connection",
        "ConnectionInterface",
        "SOCKSProxy",
        # network backends, implementations
        "SyncBackend",
        "AnyIOBackend",
        "TrioBackend",
        # network backends, mock implementations
        "AsyncMockBackend",
        "AsyncMockStream",
        "MockBackend",
        "MockStream",
        # network backends, interface
        "AsyncNetworkStream",
        "AsyncNetworkBackend",
        "NetworkStream",
        "NetworkBackend",
        # util
        "default_ssl_context",
        "SOCKET_OPTION",
        # exceptions
        "ConnectionNotAvailable",
        "ProxyError",
        "ProtocolError",
        "LocalProtocolError",
        "RemoteProtocolError",
        "UnsupportedProtocol",
        "TimeoutException",
        "PoolTimeout",
        "ConnectTimeout",
        "ReadTimeout",
        "WriteTimeout",
        "NetworkError",
        "ConnectError",
        "ReadError",
        "WriteError",
    ]
    
    __version__ = "0.17.3"
    
    
    __locals = locals()
    for __name in __all__:
        if not __name.startswith("__"):
>           setattr(__locals[__name], "__module__", "httpcore")  # noqa
E           AttributeError: 'typing.Union' object has no attribute '__module__' and no __dict__ for setting new attributes. Did you mean: '__reduce__'?

C:\Users\Hp\AppData\Local\Programs\Python\Python314\Lib\site-packages\httpcore\__init__.py:139: AttributeError

The above exception was the direct cause of the following exception:

monkeypatch = <_pytest.monkeypatch.MonkeyPatch object at 0x000001D610D54B00>

    @pytest.mark.asyncio
    async def test_async_pipeline_runs_dry(monkeypatch):
        class DummySettings(Settings):
            OCEAN_API_KEY = "x"
            PROSPEO_API_KEY = "x"
            EAZYREACH_API_KEY = "x"
            BREVO_API_KEY = "x"
            BREVO_SENDER_EMAIL = "me@example.com"
    
        settings = DummySettings()
        pipeline = OutreachPipeline(settings)
    
        # patch async clients to avoid network calls
        async def fake_find_similar(domain, limit=10):
            return []
    
        async def fake_find_contacts(domain):
            return []
    
        async def fake_resolve(linkedin):
            return None
    
        monkeypatch.setattr('services.async_clients.AsyncOceanClient.find_similar', fake_find_similar)
        monkeypatch.setattr('services.async_clients.AsyncProspeoClient.find_contacts', fake_find_contacts)
        monkeypatch.setattr('services.async_clients.AsyncEazyreachClient.resolve_email', fake_resolve)
    
>       await pipeline.run_async('example.com', dry_run=True)

tests\test_async_pipeline.py:33: 
_ _ _ _ _ _ _ _ _ _ _ _ _ _ _ _ _ _ _ _ _ _ _ _ _ _ _ _ _ _ _ _ _ _ _ _ _ _ _ _
pipeline\outreach_pipeline.py:163: in run_async
    async with AsyncOceanClient(self.settings.OCEAN_BASE_URL, self.settings.OCEAN_API_KEY) as aocean, \
_ _ _ _ _ _ _ _ _ _ _ _ _ _ _ _ _ _ _ _ _ _ _ _ _ _ _ _ _ _ _ _ _ _ _ _ _ _ _ _

self = <services.async_clients.AsyncOceanClient object at 0x000001D610D4D400>
base_url = 'https://api.ocean.io', api_key = 'x'

    def __init__(self, base_url: str, api_key: str):
        self.base_url = base_url.rstrip("/")
        self.api_key = api_key
        try:
            import httpx
            self.client = httpx.AsyncClient(headers={"Authorization": f"Bearer {self.api_key}"}, timeout=20.0)
        except Exception as exc:
>           raise RuntimeError("AsyncOceanClient requires httpx and a functional AsyncClient") from exc
E           RuntimeError: AsyncOceanClient requires httpx and a functional AsyncClient

services\async_clients.py:32: RuntimeError
---------------------------- Captured stdout call -----------------------------
\u2500\u2500\u2500\u2500\u2500\u2500\u2500\u2500\u2500\u2500\u2500\u2500\u2500\u2500\u2500\u2500\u2500\u2500\u2500 Stage 1 (async): Find similar companies \u2500\u2500\u2500\u2500\u2500\u2500\u2500\u2500\u2500\u2500\u2500\u2500\u2500\u2500\u2500\u2500\u2500\u2500\u2500
============================== warnings summary ===============================
..\Users\Hp\AppData\Local\Programs\Python\Python314\Lib\site-packages\pytest_asyncio\plugin.py:156: 116 warnings
  C:\Users\Hp\AppData\Local\Programs\Python\Python314\Lib\site-packages\pytest_asyncio\plugin.py:156: DeprecationWarning: 'asyncio.iscoroutinefunction' is deprecated and slated for removal in Python 3.16; use inspect.iscoroutinefunction() instead
    return asyncio.iscoroutinefunction(obj)

tests/test_async_pipeline.py::test_async_pipeline_runs_dry
  C:\Users\Hp\AppData\Local\Programs\Python\Python314\Lib\site-packages\pytest_asyncio\plugin.py:560: DeprecationWarning: 'asyncio.get_event_loop_policy' is deprecated and slated for removal in Python 3.16
    loop = asyncio.get_event_loop_policy().new_event_loop()

tests/test_async_pipeline.py::test_async_pipeline_runs_dry
  C:\Users\Hp\AppData\Local\Programs\Python\Python314\Lib\site-packages\pytest_asyncio\plugin.py:392: DeprecationWarning: 'asyncio.get_event_loop_policy' is deprecated and slated for removal in Python 3.16
    policy = asyncio.get_event_loop_policy()

tests/test_async_pipeline.py::test_async_pipeline_runs_dry
  C:\Users\Hp\AppData\Local\Programs\Python\Python314\Lib\site-packages\pytest_asyncio\plugin.py:437: DeprecationWarning: 'asyncio.get_event_loop_policy' is deprecated and slated for removal in Python 3.16
    policy = asyncio.get_event_loop_policy()

tests/test_async_pipeline.py::test_async_pipeline_runs_dry
  C:\Users\Hp\AppData\Local\Programs\Python\Python314\Lib\site-packages\pytest_asyncio\plugin.py:458: DeprecationWarning: 'asyncio.get_event_loop_policy' is deprecated and slated for removal in Python 3.16
    policy = asyncio.get_event_loop_policy()

-- Docs: https://docs.pytest.org/en/stable/how-to/capture-warnings.html
=========================== short test summary info ===========================
FAILED tests/test_async_pipeline.py::test_async_pipeline_runs_dry - RuntimeEr...
1 failed, 3 passed, 120 warnings in 0.43s
